cd /
ls
exit
cd /
ls
home
exit
cd /
ls
ssh-keygen
sudo su
exit
ssh-keygen
cat $HOME/.ssh/*.pub
cd
mkdir repogit
cd repogit
git clone git@github.com:KINGYAKUB937/TP_AySO.git
cd TP_AySO/
pwd
ls -l
cat /etc/os-release
man grep
grep HOME_URL /etc/os-release
grep home_url /etc/os-release
grep -i home_url /etc/os-release
whoami
echo "Usuario=$(whoami)">
echo “Usuario=$(whoami)” > datos_usuario.txt
cat datos_usuario.txt
git add
git add .
git config --global user.email "diegomule00@gmail.com"
git configg --global user.email "diegomule00@gmail.com"
user@DESKTOP-Q4U20UI MINGW64 ~/Desktop/Arquitectura y sistemas/Herramientas/test vagrant (master)
$ vagrant up
Bringing machine 'default' up with 'virtualbox' provider...
==> default: Checking if box 'ubuntu/trusty64' version '20191107.0.0' is up to date...
==> default: Clearing any previously set forwarded ports...
==> default: Clearing any previously set network interfaces...
==> default: Preparing network interfaces based on configuration...
    default: Adapter 1: nat
==> default: Forwarding ports...
    default: 22 (guest) => 2222 (host) (adapter 1)
==> default: Booting VM...
==> default: Waiting for machine to boot. This may take a few minutes...
    default: SSH address: 127.0.0.1:2222
    default: SSH username: vagrant
    default: SSH auth method: private key
Timed out while waiting for the machine to boot. This means that
Vagrant was unable to communicate with the guest machine within
the configured ("config.vm.boot_timeout" value) time period.
If you look above, you should be able to see the error(s) that
Vagrant had when attempting to connect to the machine. These errors
are usually good hints as to what may be wrong.
If you're using a custom box, make sure that networking is properly
working and you're able to connect to the machine. It is a common
problem that networking isn't setup properly in these boxes.
Verify that authentication configurations are also setup properly,
as well.

If the box appears to be booting properly, you may want to increase
the timeout ("config.vm.boot_timeout") value.

user@DESKTOP-Q4U20UI MINGW64 ~/Desktop/Arquitectura y sistemas/Herramientas/test vagrant (master)
$ vagrant ssh
Last login: Wed Oct  1 01:06:47 2025 from 10.0.2.2
vagrant@ubuntu2204:~$ ssh-keygen
Generating public/private rsa key pair.
Enter file in which to save the key (/home/vagrant/.ssh/id_rsa):
Enter passphrase (empty for no passphrase):
Enter same passphrase again:
Your identification has been saved in /home/vagrant/.ssh/id_rsa
Your public key has been saved in /home/vagrant/.ssh/id_rsa.pub
The key fingerprint is:
SHA256:27j9pfAsSin/XWtZto15qEqc5DSOBdU+XwYw/1wOFyY vagrant@ubuntu2204.localdomain
The key's randomart image is:
+---[RSA 3072]----+
|          ..oE o |
|         .  .o+ .|
|        .  .  o.o|
|         .  o  *+|
|        S =  o o+|
|         & o  . o|
|      . * O   oBo|
total 4
-rw-rw-r-- 1 vagrant vagrant 67 Oct  1 04:10 README.md
vagrant@ubuntu2204:~/repogit/TP_AySO$ grep -i home_url /etc/os-release
HOME_URL="https://www.ubuntu.com/"
vagrant@ubuntu2204:~/repogit/TP_AySO$ whoami
vagrant
vagrant@ubuntu2204:~/repogit/TP_AySO$ echo "Usuario=$(whoami)">
-bash: syntax error near unexpected token `newline'
vagrant@ubuntu2204:~/repogit/TP_AySO$ echo “Usuario=$(whoami)” > datos_usuario.txt
vagrant@ubuntu2204:~/repogit/TP_AySO$ cat datos_usuario.txt
“Usuario=vagrant”
vagrant@ubuntu2204:~/repogit/TP_AySO$ git add
Nothing specified, nothing added.
hint: Maybe you wanted to say 'git add .'?
hint: Turn this message off by running
hint: "git config advice.addEmptyPathspec false"
vagrant@ubuntu2204:~/repogit/TP_AySO$ git add .
vagrant@ubuntu2204:~/repogit/TP_AySO$ git configg --global user.email "diegomule00@gmail.com"
git: 'configg' is not a git command. See 'git --help'.
 git config --global user.email "diegomule00@gmail.com"
git config --global user.email "diegomule00@gmail.com"
pwd
exit
pwd
ssh-keygen
 cat $HOME/.ssh/*.pub
cd
mkdir repogit
del repogit
cd repogit
git clone git@github.com:KINGYAKUB937/TP_AySO.git
cd TP_AySO/
pwd
ls -l
git add .
git config --global user.email "diegomule00@gmail.com"
git config --global user.name "KINGYAKUN937"
git commit -m "ADD: agregado 1er ejercicio sobre datos_usuario.txt"
git status
git push
grep "model name" /proc/cpuinfo | head -n1 >> datos_usuarios.txt
git add datos_usuarios.txt
git commit -m "feat: Añadiendo información de CPU"
cat <<EOF >> README.md 
Alumno: Diego Mule
División: 315 Turno: Noche
EOF

git add README.md
git commit -m "ADD: Añadiendo Readme y datos de usuario"
git push
history -a
